------------------------------------------------------------
TimeQuest Timing Analyzer Summary
------------------------------------------------------------

Type  : Slow 1100mV 85C Model Setup 'SW[9]'
Slack : -10.050
TNS   : -492.172

Type  : Slow 1100mV 85C Model Setup 'Controlador_Topo:CONTROLADOR|Controlador_FSM_Control:FSM_CONTROL|EA.E0'
Slack : -7.905
TNS   : -40.023

Type  : Slow 1100mV 85C Model Setup 'Controlador_Topo:CONTROLADOR|Controlador_FSM_Control:FSM_CONTROL|EA.E1'
Slack : -7.313
TNS   : -29.922

Type  : Slow 1100mV 85C Model Setup 'CLOCK_50'
Slack : -2.443
TNS   : -161.733

Type  : Slow 1100mV 85C Model Hold 'SW[9]'
Slack : -6.128
TNS   : -24.427

Type  : Slow 1100mV 85C Model Hold 'CLOCK_50'
Slack : 0.330
TNS   : 0.000

Type  : Slow 1100mV 85C Model Hold 'Controlador_Topo:CONTROLADOR|Controlador_FSM_Control:FSM_CONTROL|EA.E1'
Slack : 0.710
TNS   : 0.000

Type  : Slow 1100mV 85C Model Hold 'Controlador_Topo:CONTROLADOR|Controlador_FSM_Control:FSM_CONTROL|EA.E0'
Slack : 0.906
TNS   : 0.000

Type  : Slow 1100mV 85C Model Recovery 'SW[9]'
Slack : -8.820
TNS   : -96.995

Type  : Slow 1100mV 85C Model Removal 'SW[9]'
Slack : 2.523
TNS   : 0.000

Type  : Slow 1100mV 85C Model Minimum Pulse Width 'SW[9]'
Slack : -0.528
TNS   : -62.573

Type  : Slow 1100mV 85C Model Minimum Pulse Width 'CLOCK_50'
Slack : -0.394
TNS   : -37.639

Type  : Slow 1100mV 85C Model Minimum Pulse Width 'Controlador_Topo:CONTROLADOR|Controlador_FSM_Control:FSM_CONTROL|EA.E1'
Slack : 0.254
TNS   : 0.000

Type  : Slow 1100mV 85C Model Minimum Pulse Width 'Controlador_Topo:CONTROLADOR|Controlador_FSM_Control:FSM_CONTROL|EA.E0'
Slack : 0.341
TNS   : 0.000

Type  : Slow 1100mV 0C Model Setup 'SW[9]'
Slack : -9.694
TNS   : -468.561

Type  : Slow 1100mV 0C Model Setup 'Controlador_Topo:CONTROLADOR|Controlador_FSM_Control:FSM_CONTROL|EA.E0'
Slack : -7.693
TNS   : -38.653

Type  : Slow 1100mV 0C Model Setup 'Controlador_Topo:CONTROLADOR|Controlador_FSM_Control:FSM_CONTROL|EA.E1'
Slack : -7.188
TNS   : -28.951

Type  : Slow 1100mV 0C Model Setup 'CLOCK_50'
Slack : -2.399
TNS   : -158.829

Type  : Slow 1100mV 0C Model Hold 'SW[9]'
Slack : -5.908
TNS   : -23.461

Type  : Slow 1100mV 0C Model Hold 'CLOCK_50'
Slack : 0.308
TNS   : 0.000

Type  : Slow 1100mV 0C Model Hold 'Controlador_Topo:CONTROLADOR|Controlador_FSM_Control:FSM_CONTROL|EA.E1'
Slack : 0.595
TNS   : 0.000

Type  : Slow 1100mV 0C Model Hold 'Controlador_Topo:CONTROLADOR|Controlador_FSM_Control:FSM_CONTROL|EA.E0'
Slack : 0.693
TNS   : 0.000

Type  : Slow 1100mV 0C Model Recovery 'SW[9]'
Slack : -8.448
TNS   : -92.903

Type  : Slow 1100mV 0C Model Removal 'SW[9]'
Slack : 2.158
TNS   : 0.000

Type  : Slow 1100mV 0C Model Minimum Pulse Width 'SW[9]'
Slack : -0.537
TNS   : -63.247

Type  : Slow 1100mV 0C Model Minimum Pulse Width 'CLOCK_50'
Slack : -0.394
TNS   : -41.058

Type  : Slow 1100mV 0C Model Minimum Pulse Width 'Controlador_Topo:CONTROLADOR|Controlador_FSM_Control:FSM_CONTROL|EA.E1'
Slack : 0.257
TNS   : 0.000

Type  : Slow 1100mV 0C Model Minimum Pulse Width 'Controlador_Topo:CONTROLADOR|Controlador_FSM_Control:FSM_CONTROL|EA.E0'
Slack : 0.323
TNS   : 0.000

Type  : Fast 1100mV 85C Model Setup 'SW[9]'
Slack : -7.497
TNS   : -360.817

Type  : Fast 1100mV 85C Model Setup 'Controlador_Topo:CONTROLADOR|Controlador_FSM_Control:FSM_CONTROL|EA.E0'
Slack : -4.047
TNS   : -20.472

Type  : Fast 1100mV 85C Model Setup 'Controlador_Topo:CONTROLADOR|Controlador_FSM_Control:FSM_CONTROL|EA.E1'
Slack : -3.621
TNS   : -15.132

Type  : Fast 1100mV 85C Model Setup 'CLOCK_50'
Slack : -0.951
TNS   : -60.782

Type  : Fast 1100mV 85C Model Hold 'SW[9]'
Slack : -3.486
TNS   : -13.897

Type  : Fast 1100mV 85C Model Hold 'CLOCK_50'
Slack : 0.194
TNS   : 0.000

Type  : Fast 1100mV 85C Model Hold 'Controlador_Topo:CONTROLADOR|Controlador_FSM_Control:FSM_CONTROL|EA.E1'
Slack : 0.538
TNS   : 0.000

Type  : Fast 1100mV 85C Model Hold 'Controlador_Topo:CONTROLADOR|Controlador_FSM_Control:FSM_CONTROL|EA.E0'
Slack : 0.609
TNS   : 0.000

Type  : Fast 1100mV 85C Model Recovery 'SW[9]'
Slack : -6.504
TNS   : -71.534

Type  : Fast 1100mV 85C Model Removal 'SW[9]'
Slack : 1.807
TNS   : 0.000

Type  : Fast 1100mV 85C Model Minimum Pulse Width 'SW[9]'
Slack : -0.531
TNS   : -43.146

Type  : Fast 1100mV 85C Model Minimum Pulse Width 'CLOCK_50'
Slack : -0.078
TNS   : -5.469

Type  : Fast 1100mV 85C Model Minimum Pulse Width 'Controlador_Topo:CONTROLADOR|Controlador_FSM_Control:FSM_CONTROL|EA.E1'
Slack : 0.245
TNS   : 0.000

Type  : Fast 1100mV 85C Model Minimum Pulse Width 'Controlador_Topo:CONTROLADOR|Controlador_FSM_Control:FSM_CONTROL|EA.E0'
Slack : 0.428
TNS   : 0.000

Type  : Fast 1100mV 0C Model Setup 'SW[9]'
Slack : -6.236
TNS   : -295.778

Type  : Fast 1100mV 0C Model Setup 'Controlador_Topo:CONTROLADOR|Controlador_FSM_Control:FSM_CONTROL|EA.E0'
Slack : -3.805
TNS   : -19.207

Type  : Fast 1100mV 0C Model Setup 'Controlador_Topo:CONTROLADOR|Controlador_FSM_Control:FSM_CONTROL|EA.E1'
Slack : -3.461
TNS   : -14.304

Type  : Fast 1100mV 0C Model Setup 'CLOCK_50'
Slack : -0.808
TNS   : -51.277

Type  : Fast 1100mV 0C Model Hold 'SW[9]'
Slack : -3.380
TNS   : -13.487

Type  : Fast 1100mV 0C Model Hold 'CLOCK_50'
Slack : 0.173
TNS   : 0.000

Type  : Fast 1100mV 0C Model Hold 'Controlador_Topo:CONTROLADOR|Controlador_FSM_Control:FSM_CONTROL|EA.E0'
Slack : 0.445
TNS   : 0.000

Type  : Fast 1100mV 0C Model Hold 'Controlador_Topo:CONTROLADOR|Controlador_FSM_Control:FSM_CONTROL|EA.E1'
Slack : 0.472
TNS   : 0.000

Type  : Fast 1100mV 0C Model Recovery 'SW[9]'
Slack : -5.498
TNS   : -60.473

Type  : Fast 1100mV 0C Model Removal 'SW[9]'
Slack : 1.255
TNS   : 0.000

Type  : Fast 1100mV 0C Model Minimum Pulse Width 'SW[9]'
Slack : -0.489
TNS   : -39.788

Type  : Fast 1100mV 0C Model Minimum Pulse Width 'CLOCK_50'
Slack : -0.079
TNS   : -5.616

Type  : Fast 1100mV 0C Model Minimum Pulse Width 'Controlador_Topo:CONTROLADOR|Controlador_FSM_Control:FSM_CONTROL|EA.E1'
Slack : 0.285
TNS   : 0.000

Type  : Fast 1100mV 0C Model Minimum Pulse Width 'Controlador_Topo:CONTROLADOR|Controlador_FSM_Control:FSM_CONTROL|EA.E0'
Slack : 0.428
TNS   : 0.000

------------------------------------------------------------
